Deteced new resources data
	"Quick Start Guide" added to index file
Deteced new resources data
	"Release Notes" added to index file
Deteced new resources data
	"Documentation" added to index file
Deteced new resources data
	"Accelerated GStreamer User Guide" added to index file
Deteced new resources data
	"Jetson TX2 64-bit Driver Package" added to index file
Deteced new resources data
	"Sample Root File System" added to index file
Deteced new resources data
	"Tegra Software License Agreement " added to index file
Deteced new resources data
	"JetPack " added to index file
Deteced new resources data
	"GCC 4.8.5 Tool Chain for 64-bit BSP" added to index file
Deteced new resources data
	"Sources for the GCC 4.8.5 Tool Chain for 64-bit BSP" added to index file
Deteced new resources data
	"GCC 4.8.5 Tool Chain for 32-bit BSP" added to index file
Deteced new resources data
	"Sources for the GCC 4.8.5 Tool Chain for 32-bit BSP" added to index file
Deteced new resources data
	"Secureboot Fusing Tools and Docs" added to index file
Deteced new resources data
	"Jetson TX2 Sources" added to index file
Deteced new resources data
	"C-boot Sources" added to index file
Deteced new resources data
	"Release SHA Hashes" added to index file

