Deteced new resources data
	"24.2 Feature List" added to index file
Deteced new resources data
	"64-bit Quick Start Guide" added to index file
Deteced new resources data
	"Release Notes" added to index file
Deteced new resources data
	"Documentation" added to index file
Deteced new resources data
	"Multimedia User Guide" added to index file
Deteced new resources data
	"Jetson TX1 64-bit Driver Package" added to index file
Deteced new resources data
	"64-bit Sample Root Filesystem" added to index file
Deteced new resources data
	"Tegra Software License Agreement " added to index file
Deteced new resources data
	"JetPack for L4T " added to index file
Deteced new resources data
	"Sources" added to index file
Deteced new resources data
	"Chromium Sources" added to index file
Deteced new resources data
	"Release SHA Hashes" added to index file

