Deteced new resources data
	"Quick Start Guide" added to index file
Deteced new resources data
	"" added to index file
Deteced new resources data
	"Documentation" added to index file
Deteced new resources data
	"Multimedia User Guide" added to index file
Deteced new resources data
	"Jetson TK1" added to index file
Deteced new resources data
	"Sample File System" added to index file
Deteced new resources data
	"Tegra Software License Agreement " added to index file
Deteced new resources data
	"Jetson TK1 DevKit Development Pack " added to index file
Deteced new resources data
	"Kernel sources" added to index file
Deteced new resources data
	"Libgstomx.so for gstreamer 0.1 sources" added to index file
Deteced new resources data
	"Libgstomx.so for gstreamer 1.0 sources" added to index file
Deteced new resources data
	"Gstjpeg sources" added to index file
Deteced new resources data
	"GstEGL sources" added to index file
Deteced new resources data
	"U-boot sources" added to index file
Deteced new resources data
	"Release SHA Hashes" added to index file

