Deteced new resources data
	"Quick Start Guide" added to index file
Deteced new resources data
	"Release Notes" added to index file
Deteced new resources data
	"Documentation" added to index file
Deteced new resources data
	"Accelerated GStreamer User Guide" added to index file
Deteced new resources data
	"Jetson TX2 64-bit Driver Package" added to index file
Deteced new resources data
	"Jetson TX1 64-bit Driver Package" added to index file
Deteced new resources data
	"Sample Root File System" added to index file
Deteced new resources data
	"Sample Root File System Sources" added to index file
Deteced new resources data
	"Tegra Software License Agreement " added to index file
Deteced new resources data
	"JetPack for L4T " added to index file
Deteced new resources data
	"GCC 4.8.5 Tool Chain for 64-bit BSP" added to index file
Deteced new resources data
	"Sources for the GCC 4.8.5 Tool Chain for 64-bit BSP" added to index file
Deteced new resources data
	"Sources" added to index file
Deteced new resources data
	"Release SHA Hashes" added to index file

