Deteced new resources data
	"" added to index file
Deteced new resources data
	"24.1 Feature List" added to index file
Deteced new resources data
	"" added to index file
Deteced new resources data
	"" added to index file
Deteced new resources data
	"" added to index file
Deteced new resources data
	"Release Notes" added to index file
Deteced new resources data
	"Documentation" added to index file
Deteced new resources data
	"Multimedia User Guide" added to index file
Deteced new resources data
	"Jetson TX1 64-bit Driver Package" added to index file
Deteced new resources data
	"Jetson TX1 32-bit Driver Package" added to index file
Deteced new resources data
	"64-bit Sample Root Filesystem" added to index file
Deteced new resources data
	"32-bit Sample Root Filesystem" added to index file
Deteced new resources data
	"Tegra Software License Agreement " added to index file
Deteced new resources data
	"JetPack for L4T " added to index file
Deteced new resources data
	"Sample Root Filesystem Sources" added to index file
Deteced new resources data
	"Kernel sources" added to index file
Deteced new resources data
	"Libgstomx.so for gstreamer 0.1 sources" added to index file
Deteced new resources data
	"Libgstomx.so for gstreamer 1.0 sources" added to index file
Deteced new resources data
	"Gstjpeg sources" added to index file
Deteced new resources data
	"GstEGL sources" added to index file
Deteced new resources data
	"U-boot sources" added to index file
Deteced new resources data
	"NV GST Apps sources" added to index file
Deteced new resources data
	"64-bit Release SHA Hashes" added to index file
Deteced new resources data
	"32-bit Release SHA Hashes" added to index file

