Deteced new resources data
	"Quick Start Guide" added to index file
Deteced new resources data
	"" added to index file
Deteced new resources data
	"Documentation" added to index file
Deteced new resources data
	"Multimedia User Guide" added to index file
Deteced new resources data
	"Jetson TK1" added to index file
Deteced new resources data
	"Sample File System" added to index file
Deteced new resources data
	"Tegra Software License Agreement " added to index file
Deteced new resources data
	"Jetson TK1 DevKit Development Pack " added to index file
Deteced new resources data
	"OpenCV4Tegra README" added to index file
Deteced new resources data
	"OpenCV4Tegra for L4T 21.x" added to index file
Deteced new resources data
	"OpenCV4Tegra for Ubuntu12.04 x86 64-bit" added to index file
Deteced new resources data
	"OpenCV4Tegra for Ubuntu14.04 x86 64-bit" added to index file
Deteced new resources data
	"CUDA 6.5 Toolkit for L4T Rel 21.4" added to index file
Deteced new resources data
	"CUDA 6.5 Toolkit for Ubuntu14.04 x86 64-bit" added to index file
Deteced new resources data
	"CUDA 6.5 Getting Started with Linux Guide" added to index file
Deteced new resources data
	"CUDA 6.5 Release Notes" added to index file
Deteced new resources data
	"Sample file system sources" added to index file
Deteced new resources data
	"Kernel sources" added to index file
Deteced new resources data
	"Libgstomx.so for gstreamer 0.1 sources" added to index file
Deteced new resources data
	"Libgstomx.so for gstreamer 1.0 sources" added to index file
Deteced new resources data
	"Gstjpeg sources" added to index file
Deteced new resources data
	"GstEGL sources" added to index file
Deteced new resources data
	"U-boot sources" added to index file
Deteced new resources data
	"Release SHA Hashes" added to index file

